// Jest Snapshot v1, https://goo.gl/fbAQLP

exports[`renders correctly 1`] = `
<div
  className="row"
>
  <div
    className="col-xs-12 col-sm-11"
  >
    <ul
      className="css-ryds10-toggles"
    >
      <li
        className="css-1os4whm-toggle-toggleActive"
      >
        Premium Range
      </li>
      <li
        className="css-1n670sg-toggle"
      >
        Markets
      </li>
      <li
        className="css-1os4whm-toggle-toggleActive"
      >
        Industries
      </li>
      <li
        className="css-1n670sg-toggle"
      >
        Products
      </li>
    </ul>
  </div>
  <div
    className="col-xs-12 col-sm-1 css-kbtrig-toggleSlider"
  >
    <svg
      className="css-8m7lne-iconSliders"
      fill="none"
      height="1em"
      stroke="currentColor"
      strokeLinecap="round"
      strokeLinejoin="round"
      strokeWidth="2"
      style={
        Object {
          "color": undefined,
        }
      }
      viewBox="0 0 24 24"
      width="1em"
      xmlns="http://www.w3.org/2000/svg"
    >
      <line
        x1="4"
        x2="4"
        y1="21"
        y2="14"
      />
      <line
        x1="4"
        x2="4"
        y1="10"
        y2="3"
      />
      <line
        x1="12"
        x2="12"
        y1="21"
        y2="12"
      />
      <line
        x1="12"
        x2="12"
        y1="8"
        y2="3"
      />
      <line
        x1="20"
        x2="20"
        y1="21"
        y2="16"
      />
      <line
        x1="20"
        x2="20"
        y1="12"
        y2="3"
      />
      <line
        x1="1"
        x2="7"
        y1="14"
        y2="14"
      />
      <line
        x1="9"
        x2="15"
        y1="8"
        y2="8"
      />
      <line
        x1="17"
        x2="23"
        y1="16"
        y2="16"
      />
    </svg>
  </div>
</div>
`;
