// Jest Snapshot v1, https://goo.gl/fbAQLP

exports[`renders correctly 1`] = `
<div
  className="css-1ewjgy1-standardBox-header row"
>
  <div
    className="col-xs-1 css-1oe12ba-headerBackButton"
  >
    <svg
      className="css-1358zhw-iconLeftArrow"
      fill="none"
      height="1em"
      stroke="currentColor"
      strokeLinecap="round"
      strokeLinejoin="round"
      strokeWidth="2"
      style={
        Object {
          "color": undefined,
        }
      }
      viewBox="0 0 24 24"
      width="1em"
      xmlns="http://www.w3.org/2000/svg"
    >
      <line
        x1="19"
        x2="5"
        y1="12"
        y2="12"
      />
      <polyline
        points="12 19 5 12 12 5"
      />
    </svg>
  </div>
  <div
    className="col-xs-11 css-1tj8fi8-headerEmployeeInfo"
  >
    <div
      className="css-1gb5llw-headerEmployeeInfoName"
    >
      Elwin Sharvill
    </div>
    <div
      className="css-tkappr-avatarCircle"
    >
      <div
        className="css-bl0pin-avatarInitials"
      >
        ES
      </div>
    </div>
    <svg
      className="css-kt2y8z-iconNotificationBell"
      fill="none"
      height="1em"
      stroke="currentColor"
      strokeLinecap="round"
      strokeLinejoin="round"
      strokeWidth="2"
      style={
        Object {
          "color": undefined,
        }
      }
      viewBox="0 0 24 24"
      width="1em"
      xmlns="http://www.w3.org/2000/svg"
    >
      <path
        d="M18 8A6 6 0 0 0 6 8c0 7-3 9-3 9h18s-3-2-3-9"
      />
      <path
        d="M13.73 21a2 2 0 0 1-3.46 0"
      />
    </svg>
  </div>
</div>
`;
