// Jest Snapshot v1, https://goo.gl/fbAQLP

exports[`renders correctly 1`] = `
<div
  className="css-tkappr-avatarCircle"
>
  <div
    className="css-bl0pin-avatarInitials"
  >
    IJ
  </div>
</div>
`;
