// Jest Snapshot v1, https://goo.gl/fbAQLP

exports[`renders correctly 1`] = `
<div
  className="css-wmb02v-appStyle"
  data-testid="appFrame"
>
  <div
    className="css-owm2va-appGrid container-fluid"
  >
    <div
      className="css-1ewjgy1-standardBox-header row"
    >
      <div
        className="col-xs-1 css-1oe12ba-headerBackButton"
      >
        <svg
          className="css-1358zhw-iconLeftArrow"
          fill="none"
          height="1em"
          stroke="currentColor"
          strokeLinecap="round"
          strokeLinejoin="round"
          strokeWidth="2"
          style={
            Object {
              "color": undefined,
            }
          }
          viewBox="0 0 24 24"
          width="1em"
          xmlns="http://www.w3.org/2000/svg"
        >
          <line
            x1="19"
            x2="5"
            y1="12"
            y2="12"
          />
          <polyline
            points="12 19 5 12 12 5"
          />
        </svg>
      </div>
      <div
        className="col-xs-11 css-1tj8fi8-headerEmployeeInfo"
      >
        <div
          className="css-1gb5llw-headerEmployeeInfoName"
        >
          Elwin Sharvill
        </div>
        <div
          className="css-tkappr-avatarCircle"
        >
          <div
            className="css-bl0pin-avatarInitials"
          >
            ES
          </div>
        </div>
        <svg
          className="css-kt2y8z-iconNotificationBell"
          fill="none"
          height="1em"
          stroke="currentColor"
          strokeLinecap="round"
          strokeLinejoin="round"
          strokeWidth="2"
          style={
            Object {
              "color": undefined,
            }
          }
          viewBox="0 0 24 24"
          width="1em"
          xmlns="http://www.w3.org/2000/svg"
        >
          <path
            d="M18 8A6 6 0 0 0 6 8c0 7-3 9-3 9h18s-3-2-3-9"
          />
          <path
            d="M13.73 21a2 2 0 0 1-3.46 0"
          />
        </svg>
      </div>
    </div>
    <div
      className="css-gr20k3-standardBox-carrierInfo row"
    >
      <div
        className="col-md-12 col-lg-6"
      >
        <h1
          className="css-4fjyaz-carrierInfoName"
        >
          Travelers
        </h1>
        <dl
          className="css-ie6ail-infoSummary"
        >
          <dt
            className="css-172yo6n-infoSummaryTitle"
          >
            Website Summary
          </dt>
          <dd
            className="css-1vhsb9-infoSummaryDescription"
          >
            <h4
              className="css-1669r31-infoSummaryDescriptionHeader"
            >
              www.travelers.com
            </h4>
            <p
              className="css-ckr3ut-infoSummaryDescriptionBody"
            >
              Travelers is the second largest writer of U.S. commercial property casualty insurance and the third largest writer of U.S. personal insurance through independent agents.
            </p>
          </dd>
        </dl>
      </div>
    </div>
    <div
      className="css-pxyi0o-tabContainer row"
    >
      <div
        className="col-xs-12"
      >
        <ul
          className="css-1yca8z4-tabs"
        >
          <li
            className="css-mzdxzq-tab-tabActive"
          >
            snapshot
          </li>
          <li
            className="css-1qlp9uz-tab"
          >
            trends
          </li>
        </ul>
      </div>
    </div>
    <div
      className="css-1knz3qr-standardBox-grayBox row"
    >
      <div
        className="col-xs-12"
      >
        <div
          className="row"
        >
          <div
            className="col-xs-12 col-sm-11"
          >
            <ul
              className="css-ryds10-toggles"
            >
              <li
                className="css-1os4whm-toggle-toggleActive"
              >
                Premium Range
              </li>
              <li
                className="css-1n670sg-toggle"
              >
                Markets
              </li>
              <li
                className="css-1os4whm-toggle-toggleActive"
              >
                Industries
              </li>
              <li
                className="css-1n670sg-toggle"
              >
                Products
              </li>
            </ul>
          </div>
          <div
            className="col-xs-12 col-sm-1 css-kbtrig-toggleSlider"
          >
            <svg
              className="css-8m7lne-iconSliders"
              fill="none"
              height="1em"
              stroke="currentColor"
              strokeLinecap="round"
              strokeLinejoin="round"
              strokeWidth="2"
              style={
                Object {
                  "color": undefined,
                }
              }
              viewBox="0 0 24 24"
              width="1em"
              xmlns="http://www.w3.org/2000/svg"
            >
              <line
                x1="4"
                x2="4"
                y1="21"
                y2="14"
              />
              <line
                x1="4"
                x2="4"
                y1="10"
                y2="3"
              />
              <line
                x1="12"
                x2="12"
                y1="21"
                y2="12"
              />
              <line
                x1="12"
                x2="12"
                y1="8"
                y2="3"
              />
              <line
                x1="20"
                x2="20"
                y1="21"
                y2="16"
              />
              <line
                x1="20"
                x2="20"
                y1="12"
                y2="3"
              />
              <line
                x1="1"
                x2="7"
                y1="14"
                y2="14"
              />
              <line
                x1="9"
                x2="15"
                y1="8"
                y2="8"
              />
              <line
                x1="17"
                x2="23"
                y1="16"
                y2="16"
              />
            </svg>
          </div>
        </div>
        <div
          className="row"
        >
          <div
            className="col-sm-12 col-md-6 col-lg-5 css-1nroxdm-snapshotColumnData"
          >
            <h2
              className="css-1m2xquk-snapshotColumnTitle"
            >
              Broker Book
            </h2>
            <h3
              className="css-svz9iy-snapshotTitle"
            >
              Premium Range
            </h3>
            <div
              className="row"
            >
              <div
                className="col-xs-6"
              >
                <dl
                  className="css-1024hqm-keyList"
                >
                  <div
                    className="css-qw6ik-keyItem"
                  >
                    <dt
                      className="css-1uar067-keyDotBase"
                    >
                      <span
                        className="css-18wopn0-keyDotContent"
                      >
                        Range 1
                      </span>
                    </dt>
                    <dd
                      className="css-73s3vi-keyDescription"
                    >
                      $0 - $5000
                    </dd>
                  </div>
                  <div
                    className="css-qw6ik-keyItem"
                  >
                    <dt
                      className="css-1mmkf41-keyDotBase"
                    >
                      <span
                        className="css-18wopn0-keyDotContent"
                      >
                        Range 2
                      </span>
                    </dt>
                    <dd
                      className="css-73s3vi-keyDescription"
                    >
                      $5000 - $10,000
                    </dd>
                  </div>
                </dl>
              </div>
              <div
                className="col-xs-6 css-1nk341g-chartColumn"
              >
                <div
                  className="css-1symqm2-chartContainer"
                >
                  <div
                    className="css-uy1i6m-chartPercentage"
                  >
                    95%
                  </div>
                </div>
                <div
                  className="css-16mqj27-chartTotal"
                >
                  $1,548,990
                </div>
                <div
                  className="css-1xay42j-chartTotalLabel"
                >
                  Total Premiums
                </div>
              </div>
            </div>
          </div>
          <div
            className="col-sm-12 col-md-6 col-lg-5 col-lg-offset-1 css-1nroxdm-snapshotColumnData"
          >
            <h2
              className="css-1m2xquk-snapshotColumnTitle"
            >
              Carrier Placement
            </h2>
            <h3
              className="css-svz9iy-snapshotTitle"
            >
              Premium Range
            </h3>
            <div
              className="row"
            >
              <div
                className="col-xs-6"
              >
                <dl
                  className="css-1024hqm-keyList"
                >
                  <div
                    className="css-qw6ik-keyItem"
                  >
                    <dt
                      className="css-1uar067-keyDotBase"
                    >
                      <span
                        className="css-18wopn0-keyDotContent"
                      >
                        Range 1
                      </span>
                    </dt>
                    <dd
                      className="css-73s3vi-keyDescription"
                    >
                      $0 - $5000
                    </dd>
                  </div>
                  <div
                    className="css-qw6ik-keyItem"
                  >
                    <dt
                      className="css-1mmkf41-keyDotBase"
                    >
                      <span
                        className="css-18wopn0-keyDotContent"
                      >
                        Range 2
                      </span>
                    </dt>
                    <dd
                      className="css-73s3vi-keyDescription"
                    >
                      $5000 - $10,000
                    </dd>
                  </div>
                </dl>
              </div>
              <div
                className="col-xs-6 css-1nk341g-chartColumn"
              >
                <div
                  className="css-1symqm2-chartContainer"
                >
                  <div
                    className="css-uy1i6m-chartPercentage"
                  >
                    95%
                  </div>
                </div>
                <div
                  className="css-16mqj27-chartTotal"
                >
                  $1,548,990
                </div>
                <div
                  className="css-1xay42j-chartTotalLabel"
                >
                  Total Premiums
                </div>
              </div>
            </div>
          </div>
        </div>
      </div>
    </div>
    <div
      className="css-1knz3qr-standardBox-grayBox row"
    >
      <div
        className="col-xs-12"
      >
        <div
          className="row"
        >
          <div
            className="col-sm-12 col-md-6 col-lg-5 css-1nroxdm-snapshotColumnData"
          >
            <h2
              className="css-1l5pmd7-hiddenAboveMobile-snapshotColumnTitle-snapshotColumnTitleHiddenAboveMobile"
            >
              Broker Book
            </h2>
            <h3
              className="css-svz9iy-snapshotTitle"
            >
              Premium Range
            </h3>
            <div
              className="row"
            >
              <div
                className="col-xs-6"
              >
                <dl
                  className="css-1024hqm-keyList"
                >
                  <div
                    className="css-qw6ik-keyItem"
                  >
                    <dt
                      className="css-1uar067-keyDotBase"
                    >
                      <span
                        className="css-18wopn0-keyDotContent"
                      >
                        Range 1
                      </span>
                    </dt>
                    <dd
                      className="css-73s3vi-keyDescription"
                    >
                      $0 - $5000
                    </dd>
                  </div>
                  <div
                    className="css-qw6ik-keyItem"
                  >
                    <dt
                      className="css-1mmkf41-keyDotBase"
                    >
                      <span
                        className="css-18wopn0-keyDotContent"
                      >
                        Range 2
                      </span>
                    </dt>
                    <dd
                      className="css-73s3vi-keyDescription"
                    >
                      $5000 - $10,000
                    </dd>
                  </div>
                </dl>
              </div>
              <div
                className="col-xs-6 css-1nk341g-chartColumn"
              >
                <div
                  className="css-1symqm2-chartContainer"
                >
                  <div
                    className="css-uy1i6m-chartPercentage"
                  >
                    95%
                  </div>
                </div>
                <div
                  className="css-16mqj27-chartTotal"
                >
                  $1,548,990
                </div>
                <div
                  className="css-1xay42j-chartTotalLabel"
                >
                  Total Premiums
                </div>
              </div>
            </div>
          </div>
          <div
            className="col-sm-12 col-md-6 col-lg-5 col-lg-offset-1 css-1nroxdm-snapshotColumnData"
          >
            <h2
              className="css-1l5pmd7-hiddenAboveMobile-snapshotColumnTitle-snapshotColumnTitleHiddenAboveMobile"
            >
              Carrier Placement
            </h2>
            <h3
              className="css-svz9iy-snapshotTitle"
            >
              Premium Range
            </h3>
            <div
              className="row"
            >
              <div
                className="col-xs-6"
              >
                <dl
                  className="css-1024hqm-keyList"
                >
                  <div
                    className="css-qw6ik-keyItem"
                  >
                    <dt
                      className="css-1uar067-keyDotBase"
                    >
                      <span
                        className="css-18wopn0-keyDotContent"
                      >
                        Range 1
                      </span>
                    </dt>
                    <dd
                      className="css-73s3vi-keyDescription"
                    >
                      $0 - $5000
                    </dd>
                  </div>
                  <div
                    className="css-qw6ik-keyItem"
                  >
                    <dt
                      className="css-1mmkf41-keyDotBase"
                    >
                      <span
                        className="css-18wopn0-keyDotContent"
                      >
                        Range 2
                      </span>
                    </dt>
                    <dd
                      className="css-73s3vi-keyDescription"
                    >
                      $5000 - $10,000
                    </dd>
                  </div>
                </dl>
              </div>
              <div
                className="col-xs-6 css-1nk341g-chartColumn"
              >
                <div
                  className="css-1symqm2-chartContainer"
                >
                  <div
                    className="css-uy1i6m-chartPercentage"
                  >
                    95%
                  </div>
                </div>
                <div
                  className="css-16mqj27-chartTotal"
                >
                  $1,548,990
                </div>
                <div
                  className="css-1xay42j-chartTotalLabel"
                >
                  Total Premiums
                </div>
              </div>
            </div>
          </div>
        </div>
      </div>
    </div>
  </div>
</div>
`;
